Copyright 1986-2019 Xilinx, Inc. All Rights Reserved.
-------------------------------------------------------------------------------------------------------------------------------------------
| Tool Version : Vivado v.2019.2 (win64) Build 2708876 Wed Nov  6 21:40:23 MST 2019
| Date         : Sun Sep 13 21:29:06 2026
| Host         : T9000P0822 running 64-bit major release  (build 9200)
| Command      : report_timing_summary -file D:/GitHub/BITcs2026_HardwareTraining_cxll/liucode/output/uart_sort_pipeline_100mhz_timing.rpt
| Design       : top
| Device       : 7a35t-csg324
| Speed File   : -1  PRODUCTION 1.23 2018-06-13
-------------------------------------------------------------------------------------------------------------------------------------------

Timing Summary Report

------------------------------------------------------------------------------------------------
| Timer Settings
| --------------
------------------------------------------------------------------------------------------------

  Enable Multi Corner Analysis               :  Yes
  Enable Pessimism Removal                   :  Yes
  Pessimism Removal Resolution               :  Nearest Common Node
  Enable Input Delay Default Clock           :  No
  Enable Preset / Clear Arcs                 :  No
  Disable Flight Delays                      :  No
  Ignore I/O Paths                           :  No
  Timing Early Launch at Borrowing Latches   :  No
  Borrow Time for Max Delay Exceptions       :  Yes
  Merge Timing Exceptions                    :  Yes

  Corner  Analyze    Analyze    
  Name    Max Paths  Min Paths  
  ------  ---------  ---------  
  Slow    Yes        Yes        
  Fast    Yes        Yes        



check_timing report

Table of Contents
-----------------
1. checking no_clock
2. checking constant_clock
3. checking pulse_width_clock
4. checking unconstrained_internal_endpoints
5. checking no_input_delay
6. checking no_output_delay
7. checking multiple_clock
8. checking generated_clocks
9. checking loops
10. checking partial_input_delay
11. checking partial_output_delay
12. checking latch_loops

1. checking no_clock
--------------------
 There are 0 register/latch pins with no clock.


2. checking constant_clock
--------------------------
 There are 0 register/latch pins with constant_clock.


3. checking pulse_width_clock
-----------------------------
 There are 0 register/latch pins which need pulse_width check


4. checking unconstrained_internal_endpoints
--------------------------------------------
 There are 0 pins that are not constrained for maximum delay.

 There are 0 pins that are not constrained for maximum delay due to constant clock.


5. checking no_input_delay
--------------------------
 There are 2 input ports with no input delay specified. (HIGH)

 There are 0 input ports with no input delay but user has a false path constraint.


6. checking no_output_delay
---------------------------
 There are 23 ports with no output delay specified. (HIGH)

 There are 0 ports with no output delay but user has a false path constraint

 There are 0 ports with no output delay but with a timing clock defined on it or propagating through it


7. checking multiple_clock
--------------------------
 There are 0 register/latch pins with multiple clocks.


8. checking generated_clocks
----------------------------
 There are 0 generated clocks that are not connected to a clock source.


9. checking loops
-----------------
 There are 0 combinational loops in the design.


10. checking partial_input_delay
--------------------------------
 There are 0 input ports with partial input delay specified.


11. checking partial_output_delay
---------------------------------
 There are 0 ports with partial output delay specified.


12. checking latch_loops
------------------------
 There are 0 combinational latch loops in the design through latch input



------------------------------------------------------------------------------------------------
| Design Timing Summary
| ---------------------
------------------------------------------------------------------------------------------------

    WNS(ns)      TNS(ns)  TNS Failing Endpoints  TNS Total Endpoints      WHS(ns)      THS(ns)  THS Failing Endpoints  THS Total Endpoints     WPWS(ns)     TPWS(ns)  TPWS Failing Endpoints  TPWS Total Endpoints  
    -------      -------  ---------------------  -------------------      -------      -------  ---------------------  -------------------     --------     --------  ----------------------  --------------------  
      0.152        0.000                      0                 8456        0.103        0.000                      0                 8456        3.750        0.000                       0                  2570  


All user specified timing constraints are met.


------------------------------------------------------------------------------------------------
| Clock Summary
| -------------
------------------------------------------------------------------------------------------------

Clock    Waveform(ns)       Period(ns)      Frequency(MHz)
-----    ------------       ----------      --------------
sys_clk  {0.000 5.000}      10.000          100.000         


------------------------------------------------------------------------------------------------
| Intra Clock Table
| -----------------
------------------------------------------------------------------------------------------------

Clock             WNS(ns)      TNS(ns)  TNS Failing Endpoints  TNS Total Endpoints      WHS(ns)      THS(ns)  THS Failing Endpoints  THS Total Endpoints     WPWS(ns)     TPWS(ns)  TPWS Failing Endpoints  TPWS Total Endpoints  
-----             -------      -------  ---------------------  -------------------      -------      -------  ---------------------  -------------------     --------     --------  ----------------------  --------------------  
sys_clk             0.152        0.000                      0                 6781        0.103        0.000                      0                 6781        3.750        0.000                       0                  2570  


------------------------------------------------------------------------------------------------
| Inter Clock Table
| -----------------
------------------------------------------------------------------------------------------------

From Clock    To Clock          WNS(ns)      TNS(ns)  TNS Failing Endpoints  TNS Total Endpoints      WHS(ns)      THS(ns)  THS Failing Endpoints  THS Total Endpoints  
----------    --------          -------      -------  ---------------------  -------------------      -------      -------  ---------------------  -------------------  


------------------------------------------------------------------------------------------------
| Other Path Groups Table
| -----------------------
------------------------------------------------------------------------------------------------

Path Group         From Clock         To Clock               WNS(ns)      TNS(ns)  TNS Failing Endpoints  TNS Total Endpoints      WHS(ns)      THS(ns)  THS Failing Endpoints  THS Total Endpoints  
----------         ----------         --------               -------      -------  ---------------------  -------------------      -------      -------  ---------------------  -------------------  
**async_default**  sys_clk            sys_clk                  3.881        0.000                      0                 1675        0.713        0.000                      0                 1675  


------------------------------------------------------------------------------------------------
| Timing Details
| --------------
------------------------------------------------------------------------------------------------


---------------------------------------------------------------------------------------------------
From Clock:  sys_clk
  To Clock:  sys_clk

Setup :            0  Failing Endpoints,  Worst Slack        0.152ns,  Total Violation        0.000ns
Hold  :            0  Failing Endpoints,  Worst Slack        0.103ns,  Total Violation        0.000ns
PW    :            0  Failing Endpoints,  Worst Slack        3.750ns,  Total Violation        0.000ns
---------------------------------------------------------------------------------------------------


Max Delay Paths
--------------------------------------------------------------------------------------
Slack (MET) :             0.152ns  (required time - arrival time)
  Source:                 gen_pipeline_cpu.cpu/u_id_ex/rs2_out_reg[4]/C
                            (rising edge-triggered cell FDCE clocked by sys_clk  {rise@0.000ns fall@5.000ns period=10.000ns})
  Destination:            gen_pipeline_cpu.cpu/u_id_ex/alu_op_out_reg[0]/D
                            (rising edge-triggered cell FDCE clocked by sys_clk  {rise@0.000ns fall@5.000ns period=10.000ns})
  Path Group:             sys_clk
  Path Type:              Setup (Max at Slow Process Corner)
  Requirement:            10.000ns  (sys_clk rise@10.000ns - sys_clk rise@0.000ns)
  Data Path Delay:        9.716ns  (logic 2.727ns (28.067%)  route 6.989ns (71.933%))
  Logic Levels:           10  (CARRY4=2 LUT2=1 LUT3=2 LUT6=5)
  Clock Path Skew:        -0.030ns (DCD - SCD + CPR)
    Destination Clock Delay (DCD):    4.803ns = ( 14.803 - 10.000 ) 
    Source Clock Delay      (SCD):    5.091ns
    Clock Pessimism Removal (CPR):    0.258ns
  Clock Uncertainty:      0.035ns  ((TSJ^2 + TIJ^2)^1/2 + DJ) / 2 + PE
    Total System Jitter     (TSJ):    0.071ns
    Total Input Jitter      (TIJ):    0.000ns
    Discrete Jitter          (DJ):    0.000ns
    Phase Error              (PE):    0.000ns

    Location             Delay type                Incr(ns)  Path(ns)    Netlist Resource(s)
  -------------------------------------------------------------------    -------------------
                         (clock sys_clk rise edge)    0.000     0.000 r  
    T5                                                0.000     0.000 r  I_clk (IN)
                         net (fo=0)                   0.000     0.000    I_clk
    T5                   IBUF (Prop_ibuf_I_O)         1.486     1.486 r  I_clk_IBUF_inst/O
                         net (fo=1, routed)           1.967     3.452    I_clk_IBUF
    BUFGCTRL_X0Y0        BUFG (Prop_bufg_I_O)         0.096     3.548 r  I_clk_IBUF_BUFG_inst/O
                         net (fo=2569, routed)        1.543     5.091    gen_pipeline_cpu.cpu/u_id_ex/I_clk_IBUF_BUFG
    SLICE_X35Y82         FDCE                                         r  gen_pipeline_cpu.cpu/u_id_ex/rs2_out_reg[4]/C
  -------------------------------------------------------------------    -------------------
    SLICE_X35Y82         FDCE (Prop_fdce_C_Q)         0.419     5.510 r  gen_pipeline_cpu.cpu/u_id_ex/rs2_out_reg[4]/Q
                         net (fo=2, routed)           0.969     6.479    gen_pipeline_cpu.cpu/u_id_ex/rs2_e[4]
    SLICE_X35Y81         LUT6 (Prop_lut6_I0_O)        0.296     6.775 r  gen_pipeline_cpu.cpu/u_id_ex/store_out[31]_i_7/O
                         net (fo=3, routed)           0.475     7.250    gen_pipeline_cpu.cpu/u_ex_mem/store_out_reg[31]_0
    SLICE_X36Y82         LUT3 (Prop_lut3_I2_O)        0.124     7.374 r  gen_pipeline_cpu.cpu/u_ex_mem/store_out[31]_i_2/O
                         net (fo=32, routed)          1.301     8.676    gen_pipeline_cpu.cpu/u_ex_mem/store_out[31]_i_2_n_0
    SLICE_X33Y76         LUT6 (Prop_lut6_I0_O)        0.124     8.800 r  gen_pipeline_cpu.cpu/u_ex_mem/store_out[15]_i_1/O
                         net (fo=9, routed)           1.202    10.002    gen_pipeline_cpu.cpu/u_ex_mem/fwd_b[15]
    SLICE_X34Y80         LUT6 (Prop_lut6_I1_O)        0.124    10.126 r  gen_pipeline_cpu.cpu/u_ex_mem/pc_out[31]_i_42/O
                         net (fo=1, routed)           0.000    10.126    gen_pipeline_cpu.cpu/u_ex_mem/pc_out[31]_i_42_n_0
    SLICE_X34Y80         CARRY4 (Prop_carry4_S[1]_CO[3])
                                                      0.533    10.659 r  gen_pipeline_cpu.cpu/u_ex_mem/pc_out_reg[31]_i_21/CO[3]
                         net (fo=1, routed)           0.000    10.659    gen_pipeline_cpu.cpu/u_ex_mem/pc_out_reg[31]_i_21_n_0
    SLICE_X34Y81         CARRY4 (Prop_carry4_CI_CO[2])
                                                      0.229    10.888 f  gen_pipeline_cpu.cpu/u_ex_mem/pc_out_reg[31]_i_11/CO[2]
                         net (fo=1, routed)           0.768    11.655    gen_pipeline_cpu.cpu/u_id_ex/pc_out[31]_i_4_1[0]
    SLICE_X32Y78         LUT6 (Prop_lut6_I2_O)        0.310    11.965 f  gen_pipeline_cpu.cpu/u_id_ex/pc_out[31]_i_6/O
                         net (fo=1, routed)           0.280    12.245    gen_pipeline_cpu.cpu/u_id_ex/pc_out[31]_i_6_n_0
    SLICE_X32Y78         LUT3 (Prop_lut3_I0_O)        0.124    12.369 f  gen_pipeline_cpu.cpu/u_id_ex/pc_out[31]_i_4/O
                         net (fo=97, routed)          0.499    12.868    gen_pipeline_cpu.cpu/u_id_ex/p_0_in
    SLICE_X32Y78         LUT2 (Prop_lut2_I0_O)        0.118    12.986 f  gen_pipeline_cpu.cpu/u_id_ex/pc_out[31]_i_2__0/O
                         net (fo=189, routed)         0.921    13.907    gen_pipeline_cpu.cpu/u_if_id/flush0
    SLICE_X28Y89         LUT6 (Prop_lut6_I5_O)        0.326    14.233 r  gen_pipeline_cpu.cpu/u_if_id/alu_op_out[0]_i_1/O
                         net (fo=1, routed)           0.574    14.807    gen_pipeline_cpu.cpu/u_id_ex/alu_op_out_reg[0]_1
    SLICE_X28Y89         FDCE                                         r  gen_pipeline_cpu.cpu/u_id_ex/alu_op_out_reg[0]/D
  -------------------------------------------------------------------    -------------------

                         (clock sys_clk rise edge)   10.000    10.000 r  
    T5                                                0.000    10.000 r  I_clk (IN)
                         net (fo=0)                   0.000    10.000    I_clk
    T5                   IBUF (Prop_ibuf_I_O)         1.415    11.415 r  I_clk_IBUF_inst/O
                         net (fo=1, routed)           1.862    13.277    I_clk_IBUF
    BUFGCTRL_X0Y0        BUFG (Prop_bufg_I_O)         0.091    13.368 r  I_clk_IBUF_BUFG_inst/O
                         net (fo=2569, routed)        1.435    14.803    gen_pipeline_cpu.cpu/u_id_ex/I_clk_IBUF_BUFG
    SLICE_X28Y89         FDCE                                         r  gen_pipeline_cpu.cpu/u_id_ex/alu_op_out_reg[0]/C
                         clock pessimism              0.258    15.061    
                         clock uncertainty           -0.035    15.026    
    SLICE_X28Y89         FDCE (Setup_fdce_C_D)       -0.067    14.959    gen_pipeline_cpu.cpu/u_id_ex/alu_op_out_reg[0]
  -------------------------------------------------------------------
                         required time                         14.959    
                         arrival time                         -14.807    
  -------------------------------------------------------------------
                         slack                                  0.152    





Min Delay Paths
--------------------------------------------------------------------------------------
Slack (MET) :             0.103ns  (arrival time - required time)
  Source:                 gen_pipeline_cpu.cpu/u_ex_mem/store_out_reg[26]/C
                            (rising edge-triggered cell FDCE clocked by sys_clk  {rise@0.000ns fall@5.000ns period=10.000ns})
  Destination:            gen_pipeline_cpu.cpu/u_dmem/ram_reg_0_255_26_26/RAMS64E_D/I
                            (rising edge-triggered cell RAMS64E clocked by sys_clk  {rise@0.000ns fall@5.000ns period=10.000ns})
  Path Group:             sys_clk
  Path Type:              Hold (Min at Fast Process Corner)
  Requirement:            0.000ns  (sys_clk rise@0.000ns - sys_clk rise@0.000ns)
  Data Path Delay:        0.279ns  (logic 0.141ns (50.592%)  route 0.138ns (49.408%))
  Logic Levels:           0  
  Clock Path Skew:        0.032ns (DCD - SCD - CPR)
    Destination Clock Delay (DCD):    1.979ns
    Source Clock Delay      (SCD):    1.468ns
    Clock Pessimism Removal (CPR):    0.478ns

    Location             Delay type                Incr(ns)  Path(ns)    Netlist Resource(s)
  -------------------------------------------------------------------    -------------------
                         (clock sys_clk rise edge)    0.000     0.000 r  
    T5                                                0.000     0.000 r  I_clk (IN)
                         net (fo=0)                   0.000     0.000    I_clk
    T5                   IBUF (Prop_ibuf_I_O)         0.254     0.254 r  I_clk_IBUF_inst/O
                         net (fo=1, routed)           0.631     0.885    I_clk_IBUF
    BUFGCTRL_X0Y0        BUFG (Prop_bufg_I_O)         0.026     0.911 r  I_clk_IBUF_BUFG_inst/O
                         net (fo=2569, routed)        0.558     1.468    gen_pipeline_cpu.cpu/u_ex_mem/I_clk_IBUF_BUFG
    SLICE_X33Y87         FDCE                                         r  gen_pipeline_cpu.cpu/u_ex_mem/store_out_reg[26]/C
  -------------------------------------------------------------------    -------------------
    SLICE_X33Y87         FDCE (Prop_fdce_C_Q)         0.141     1.609 r  gen_pipeline_cpu.cpu/u_ex_mem/store_out_reg[26]/Q
                         net (fo=25, routed)          0.138     1.747    gen_pipeline_cpu.cpu/u_dmem/ram_reg_0_255_26_26/D
    SLICE_X34Y86         RAMS64E                                      r  gen_pipeline_cpu.cpu/u_dmem/ram_reg_0_255_26_26/RAMS64E_D/I
  -------------------------------------------------------------------    -------------------

                         (clock sys_clk rise edge)    0.000     0.000 r  
    T5                                                0.000     0.000 r  I_clk (IN)
                         net (fo=0)                   0.000     0.000    I_clk
    T5                   IBUF (Prop_ibuf_I_O)         0.442     0.442 r  I_clk_IBUF_inst/O
                         net (fo=1, routed)           0.685     1.126    I_clk_IBUF
    BUFGCTRL_X0Y0        BUFG (Prop_bufg_I_O)         0.029     1.155 r  I_clk_IBUF_BUFG_inst/O
                         net (fo=2569, routed)        0.823     1.979    gen_pipeline_cpu.cpu/u_dmem/ram_reg_0_255_26_26/WCLK
    SLICE_X34Y86         RAMS64E                                      r  gen_pipeline_cpu.cpu/u_dmem/ram_reg_0_255_26_26/RAMS64E_D/CLK
                         clock pessimism             -0.478     1.500    
    SLICE_X34Y86         RAMS64E (Hold_rams64e_CLK_I)
                                                      0.144     1.644    gen_pipeline_cpu.cpu/u_dmem/ram_reg_0_255_26_26/RAMS64E_D
  -------------------------------------------------------------------
                         required time                         -1.644    
                         arrival time                           1.747    
  -------------------------------------------------------------------
                         slack                                  0.103    





Pulse Width Checks
--------------------------------------------------------------------------------------
Clock Name:         sys_clk
Waveform(ns):       { 0.000 5.000 }
Period(ns):         10.000
Sources:            { I_clk }

Check Type        Corner  Lib Pin      Reference Pin  Required(ns)  Actual(ns)  Slack(ns)  Location       Pin
Min Period        n/a     BUFG/I       n/a            2.155         10.000      7.845      BUFGCTRL_X0Y0  I_clk_IBUF_BUFG_inst/I
Low Pulse Width   Fast    RAMS64E/CLK  n/a            1.250         5.000       3.750      SLICE_X46Y90   gen_pipeline_cpu.cpu/u_dmem/ram_reg_0_255_22_22/RAMS64E_A/CLK
High Pulse Width  Slow    RAMS64E/CLK  n/a            1.250         5.000       3.750      SLICE_X46Y88   gen_pipeline_cpu.cpu/u_dmem/ram_reg_0_255_21_21/RAMS64E_B/CLK



---------------------------------------------------------------------------------------------------
Path Group:  **async_default**
From Clock:  sys_clk
  To Clock:  sys_clk

Setup :            0  Failing Endpoints,  Worst Slack        3.881ns,  Total Violation        0.000ns
Hold  :            0  Failing Endpoints,  Worst Slack        0.713ns,  Total Violation        0.000ns
---------------------------------------------------------------------------------------------------


Max Delay Paths
--------------------------------------------------------------------------------------
Slack (MET) :             3.881ns  (required time - arrival time)
  Source:                 reset_n_reg/C
                            (rising edge-triggered cell FDCE clocked by sys_clk  {rise@0.000ns fall@5.000ns period=10.000ns})
  Destination:            gen_pipeline_cpu.cpu/u_regfile/regs_reg[16][7]/CLR
                            (recovery check against rising-edge clock sys_clk  {rise@0.000ns fall@5.000ns period=10.000ns})
  Path Group:             **async_default**
  Path Type:              Recovery (Max at Slow Process Corner)
  Requirement:            10.000ns  (sys_clk rise@10.000ns - sys_clk rise@0.000ns)
  Data Path Delay:        5.562ns  (logic 0.580ns (10.428%)  route 4.982ns (89.572%))
  Logic Levels:           1  (LUT1=1)
  Clock Path Skew:        -0.117ns (DCD - SCD + CPR)
    Destination Clock Delay (DCD):    4.798ns = ( 14.798 - 10.000 ) 
    Source Clock Delay      (SCD):    5.173ns
    Clock Pessimism Removal (CPR):    0.258ns
  Clock Uncertainty:      0.035ns  ((TSJ^2 + TIJ^2)^1/2 + DJ) / 2 + PE
    Total System Jitter     (TSJ):    0.071ns
    Total Input Jitter      (TIJ):    0.000ns
    Discrete Jitter          (DJ):    0.000ns
    Phase Error              (PE):    0.000ns

    Location             Delay type                Incr(ns)  Path(ns)    Netlist Resource(s)
  -------------------------------------------------------------------    -------------------
                         (clock sys_clk rise edge)    0.000     0.000 r  
    T5                                                0.000     0.000 r  I_clk (IN)
                         net (fo=0)                   0.000     0.000    I_clk
    T5                   IBUF (Prop_ibuf_I_O)         1.486     1.486 r  I_clk_IBUF_inst/O
                         net (fo=1, routed)           1.967     3.452    I_clk_IBUF
    BUFGCTRL_X0Y0        BUFG (Prop_bufg_I_O)         0.096     3.548 r  I_clk_IBUF_BUFG_inst/O
                         net (fo=2569, routed)        1.625     5.173    I_clk_IBUF_BUFG
    SLICE_X62Y91         FDCE                                         r  reset_n_reg/C
  -------------------------------------------------------------------    -------------------
    SLICE_X62Y91         FDCE (Prop_fdce_C_Q)         0.456     5.629 r  reset_n_reg/Q
                         net (fo=4, routed)           0.525     6.154    gen_pipeline_cpu.cpu/u_regfile/regs_reg[30][0]_0
    SLICE_X62Y91         LUT1 (Prop_lut1_I0_O)        0.124     6.278 f  gen_pipeline_cpu.cpu/u_regfile/pc_out[31]_i_3/O
                         net (fo=1675, routed)        4.457    10.735    gen_pipeline_cpu.cpu/u_regfile/reset_n_reg
    SLICE_X44Y67         FDCE                                         f  gen_pipeline_cpu.cpu/u_regfile/regs_reg[16][7]/CLR
  -------------------------------------------------------------------    -------------------

                         (clock sys_clk rise edge)   10.000    10.000 r  
    T5                                                0.000    10.000 r  I_clk (IN)
                         net (fo=0)                   0.000    10.000    I_clk
    T5                   IBUF (Prop_ibuf_I_O)         1.415    11.415 r  I_clk_IBUF_inst/O
                         net (fo=1, routed)           1.862    13.277    I_clk_IBUF
    BUFGCTRL_X0Y0        BUFG (Prop_bufg_I_O)         0.091    13.368 r  I_clk_IBUF_BUFG_inst/O
                         net (fo=2569, routed)        1.430    14.798    gen_pipeline_cpu.cpu/u_regfile/I_clk_IBUF_BUFG
    SLICE_X44Y67         FDCE                                         r  gen_pipeline_cpu.cpu/u_regfile/regs_reg[16][7]/C
                         clock pessimism              0.258    15.056    
                         clock uncertainty           -0.035    15.021    
    SLICE_X44Y67         FDCE (Recov_fdce_C_CLR)     -0.405    14.616    gen_pipeline_cpu.cpu/u_regfile/regs_reg[16][7]
  -------------------------------------------------------------------
                         required time                         14.616    
                         arrival time                         -10.735    
  -------------------------------------------------------------------
                         slack                                  3.881    





Min Delay Paths
--------------------------------------------------------------------------------------
Slack (MET) :             0.713ns  (arrival time - required time)
  Source:                 reset_n_reg/C
                            (rising edge-triggered cell FDCE clocked by sys_clk  {rise@0.000ns fall@5.000ns period=10.000ns})
  Destination:            lcd/bit_count_reg[2]/CLR
                            (removal check against rising-edge clock sys_clk  {rise@0.000ns fall@5.000ns period=10.000ns})
  Path Group:             **async_default**
  Path Type:              Removal (Min at Fast Process Corner)
  Requirement:            0.000ns  (sys_clk rise@0.000ns - sys_clk rise@0.000ns)
  Data Path Delay:        0.652ns  (logic 0.186ns (28.547%)  route 0.466ns (71.453%))
  Logic Levels:           1  (LUT1=1)
  Clock Path Skew:        0.031ns (DCD - SCD - CPR)
    Destination Clock Delay (DCD):    2.012ns
    Source Clock Delay      (SCD):    1.502ns
    Clock Pessimism Removal (CPR):    0.478ns

    Location             Delay type                Incr(ns)  Path(ns)    Netlist Resource(s)
  -------------------------------------------------------------------    -------------------
                         (clock sys_clk rise edge)    0.000     0.000 r  
    T5                                                0.000     0.000 r  I_clk (IN)
                         net (fo=0)                   0.000     0.000    I_clk
    T5                   IBUF (Prop_ibuf_I_O)         0.254     0.254 r  I_clk_IBUF_inst/O
                         net (fo=1, routed)           0.631     0.885    I_clk_IBUF
    BUFGCTRL_X0Y0        BUFG (Prop_bufg_I_O)         0.026     0.911 r  I_clk_IBUF_BUFG_inst/O
                         net (fo=2569, routed)        0.592     1.502    I_clk_IBUF_BUFG
    SLICE_X62Y91         FDCE                                         r  reset_n_reg/C
  -------------------------------------------------------------------    -------------------
    SLICE_X62Y91         FDCE (Prop_fdce_C_Q)         0.141     1.643 r  reset_n_reg/Q
                         net (fo=4, routed)           0.185     1.828    gen_pipeline_cpu.cpu/u_regfile/regs_reg[30][0]_0
    SLICE_X62Y91         LUT1 (Prop_lut1_I0_O)        0.045     1.873 f  gen_pipeline_cpu.cpu/u_regfile/pc_out[31]_i_3/O
                         net (fo=1675, routed)        0.281     2.154    lcd/AR[0]
    SLICE_X59Y86         FDCE                                         f  lcd/bit_count_reg[2]/CLR
  -------------------------------------------------------------------    -------------------

                         (clock sys_clk rise edge)    0.000     0.000 r  
    T5                                                0.000     0.000 r  I_clk (IN)
                         net (fo=0)                   0.000     0.000    I_clk
    T5                   IBUF (Prop_ibuf_I_O)         0.442     0.442 r  I_clk_IBUF_inst/O
                         net (fo=1, routed)           0.685     1.126    I_clk_IBUF
    BUFGCTRL_X0Y0        BUFG (Prop_bufg_I_O)         0.029     1.155 r  I_clk_IBUF_BUFG_inst/O
                         net (fo=2569, routed)        0.856     2.012    lcd/I_clk_IBUF_BUFG
    SLICE_X59Y86         FDCE                                         r  lcd/bit_count_reg[2]/C
                         clock pessimism             -0.478     1.533    
    SLICE_X59Y86         FDCE (Remov_fdce_C_CLR)     -0.092     1.441    lcd/bit_count_reg[2]
  -------------------------------------------------------------------
                         required time                         -1.441    
                         arrival time                           2.154    
  -------------------------------------------------------------------
                         slack                                  0.713    





