Copyright 1986-2019 Xilinx, Inc. All Rights Reserved.
------------------------------------------------------------------------------------
| Tool Version : Vivado v.2019.2 (win64) Build 2708876 Wed Nov  6 21:40:23 MST 2019
| Date         : Sat Sep  5 10:33:36 2026
| Host         : liuxinhao running 64-bit major release  (build 9200)
| Command      : report_control_sets -verbose -file top_control_sets_placed.rpt
| Design       : top
| Device       : xc7a35t
------------------------------------------------------------------------------------

Control Set Information

Table of Contents
-----------------
1. Summary
2. Histogram
3. Flip-Flop Distribution
4. Detailed Control Set Information

1. Summary
----------

+----------------------------------------------------------+-------+
|                          Status                          | Count |
+----------------------------------------------------------+-------+
| Total control sets                                       |    41 |
|    Minimum number of control sets                        |    41 |
|    Addition due to synthesis replication                 |     0 |
|    Addition due to physical synthesis replication        |     0 |
| Unused register locations in slices containing registers |    11 |
+----------------------------------------------------------+-------+
* Control sets can be merged at opt_design using control_set_merge or merge_equivalent_drivers
** Run report_qor_suggestions for automated merging and remapping suggestions


2. Histogram
------------

+--------------------+-------+
|       Fanout       | Count |
+--------------------+-------+
| Total control sets |    41 |
| >= 0 to < 4        |     1 |
| >= 4 to < 6        |     0 |
| >= 6 to < 8        |     1 |
| >= 8 to < 10       |     1 |
| >= 10 to < 12      |     0 |
| >= 12 to < 14      |     0 |
| >= 14 to < 16      |     1 |
| >= 16              |    37 |
+--------------------+-------+
* Control sets can be remapped at either synth_design or opt_design


3. Flip-Flop Distribution
-------------------------

+--------------+-----------------------+------------------------+-----------------+--------------+
| Clock Enable | Synchronous Set/Reset | Asynchronous Set/Reset | Total Registers | Total Slices |
+--------------+-----------------------+------------------------+-----------------+--------------+
| No           | No                    | No                     |               0 |            0 |
| No           | No                    | Yes                    |             114 |           25 |
| No           | Yes                   | No                     |               0 |            0 |
| Yes          | No                    | No                     |               0 |            0 |
| Yes          | No                    | Yes                    |            1115 |          511 |
| Yes          | Yes                   | No                     |               0 |            0 |
+--------------+-----------------------+------------------------+-----------------+--------------+


4. Detailed Control Set Information
-----------------------------------

+------------------+----------------------------------------+-----------------------+------------------+----------------+
|   Clock Signal   |              Enable Signal             |    Set/Reset Signal   | Slice Load Count | Bel Load Count |
+------------------+----------------------------------------+-----------------------+------------------+----------------+
|  I_clk_IBUF_BUFG |                                        | reset_pipe[1]_i_1_n_0 |                1 |              2 |
|  I_clk_IBUF_BUFG | lcd/bit_count0                         | cpu/u_regfile/AR[0]   |                2 |              6 |
|  I_clk_IBUF_BUFG | lcd/__0                                | cpu/u_regfile/AR[0]   |                3 |              8 |
|  I_clk_IBUF_BUFG | lcd/O_led                              | cpu/u_regfile/AR[0]   |                3 |             14 |
|  I_clk_IBUF_BUFG | cpu/u_regfile/cpu_enable               | cpu/u_regfile/AR[0]   |               12 |             31 |
|  I_clk_IBUF_BUFG | cpu/u_pc/cpu_step_counter_reg[9]_27[0] | cpu/u_regfile/AR[0]   |               16 |             32 |
|  I_clk_IBUF_BUFG | cpu/u_pc/cpu_step_counter_reg[9]_28[0] | cpu/u_regfile/AR[0]   |               25 |             32 |
|  I_clk_IBUF_BUFG | cpu/u_pc/cpu_step_counter_reg[9]_19[0] | cpu/u_regfile/AR[0]   |               14 |             32 |
|  I_clk_IBUF_BUFG | cpu/u_pc/cpu_step_counter_reg[9]_25[0] | cpu/u_regfile/AR[0]   |               16 |             32 |
|  I_clk_IBUF_BUFG | cpu/u_pc/cpu_step_counter_reg[9]_13[0] | cpu/u_regfile/AR[0]   |               15 |             32 |
|  I_clk_IBUF_BUFG | cpu/u_pc/cpu_step_counter_reg[9]_23[0] | cpu/u_regfile/AR[0]   |               21 |             32 |
|  I_clk_IBUF_BUFG | cpu/u_pc/cpu_step_counter_reg[9]_10[0] | cpu/u_regfile/AR[0]   |               15 |             32 |
|  I_clk_IBUF_BUFG | cpu/u_pc/cpu_step_counter_reg[9]_4[0]  | cpu/u_regfile/AR[0]   |               12 |             32 |
|  I_clk_IBUF_BUFG | cpu/u_pc/cpu_step_counter_reg[9]_7[0]  | cpu/u_regfile/AR[0]   |               16 |             32 |
|  I_clk_IBUF_BUFG | cpu/u_pc/cpu_step_counter_reg[9]_9[0]  | cpu/u_regfile/AR[0]   |               15 |             32 |
|  I_clk_IBUF_BUFG | cpu/u_pc/cpu_step_counter_reg[9]_26[0] | cpu/u_regfile/AR[0]   |               16 |             32 |
|  I_clk_IBUF_BUFG | cpu/u_pc/cpu_step_counter_reg[9]_6[0]  | cpu/u_regfile/AR[0]   |               14 |             32 |
|  I_clk_IBUF_BUFG | cpu/u_pc/cpu_step_counter_reg[9]_22[0] | cpu/u_regfile/AR[0]   |               11 |             32 |
|  I_clk_IBUF_BUFG | cpu/u_pc/cpu_step_counter_reg[9]_3[0]  | cpu/u_regfile/AR[0]   |               18 |             32 |
|  I_clk_IBUF_BUFG | cpu/u_pc/cpu_step_counter_reg[9]_21[0] | cpu/u_regfile/AR[0]   |               18 |             32 |
|  I_clk_IBUF_BUFG | cpu/u_pc/cpu_step_counter_reg[9]_12[0] | cpu/u_regfile/AR[0]   |               11 |             32 |
|  I_clk_IBUF_BUFG | cpu/u_pc/cpu_step_counter_reg[9]_5[0]  | cpu/u_regfile/AR[0]   |               11 |             32 |
|  I_clk_IBUF_BUFG | cpu/u_pc/cpu_step_counter_reg[9]_1[0]  | cpu/u_regfile/AR[0]   |               19 |             32 |
|  I_clk_IBUF_BUFG | cpu/u_pc/cpu_step_counter_reg[9]_15[0] | cpu/u_regfile/AR[0]   |               17 |             32 |
|  I_clk_IBUF_BUFG | cpu/u_pc/cpu_step_counter_reg[9]_16[0] | cpu/u_regfile/AR[0]   |               15 |             32 |
|  I_clk_IBUF_BUFG | cpu/u_pc/cpu_step_counter_reg[9]_8[0]  | cpu/u_regfile/AR[0]   |               14 |             32 |
|  I_clk_IBUF_BUFG | cpu/u_pc/cpu_step_counter_reg[9][0]    | cpu/u_regfile/AR[0]   |               14 |             32 |
|  I_clk_IBUF_BUFG | cpu/u_pc/cpu_step_counter_reg[9]_0[0]  | cpu/u_regfile/AR[0]   |               14 |             32 |
|  I_clk_IBUF_BUFG | cpu/u_pc/cpu_step_counter_reg[9]_11[0] | cpu/u_regfile/AR[0]   |               14 |             32 |
|  I_clk_IBUF_BUFG | cpu/u_pc/cpu_step_counter_reg[9]_14[0] | cpu/u_regfile/AR[0]   |               15 |             32 |
|  I_clk_IBUF_BUFG | cpu/u_pc/cpu_step_counter_reg[9]_17[0] | cpu/u_regfile/AR[0]   |               15 |             32 |
|  I_clk_IBUF_BUFG | cpu/u_pc/cpu_step_counter_reg[9]_18[0] | cpu/u_regfile/AR[0]   |               11 |             32 |
|  I_clk_IBUF_BUFG | cpu/u_pc/cpu_step_counter_reg[9]_2[0]  | cpu/u_regfile/AR[0]   |               13 |             32 |
|  I_clk_IBUF_BUFG | cpu/u_pc/cpu_step_counter_reg[9]_20[0] | cpu/u_regfile/AR[0]   |               16 |             32 |
|  I_clk_IBUF_BUFG | lcd/bcd_frame                          | cpu/u_regfile/AR[0]   |               10 |             32 |
|  I_clk_IBUF_BUFG | lcd/bcd_latest_0                       | cpu/u_regfile/AR[0]   |                7 |             32 |
|  I_clk_IBUF_BUFG | cpu/u_pc/cpu_step_counter_reg[9]_24[0] | cpu/u_regfile/AR[0]   |               16 |             32 |
|  I_clk_IBUF_BUFG | cpu/u_pc/E[0]                          | cpu/u_regfile/AR[0]   |               17 |             32 |
|  I_clk_IBUF_BUFG |                                        | cpu/u_regfile/AR[0]   |               24 |            112 |
|  I_clk_IBUF_BUFG | cpu/u_pc/reset_pipe_reg[1]_0           |                       |               32 |            128 |
|  I_clk_IBUF_BUFG | cpu//ram_reg_256_511_0_0_i_1_n_0       |                       |               32 |            128 |
+------------------+----------------------------------------+-----------------------+------------------+----------------+


