Copyright 1986-2019 Xilinx, Inc. All Rights Reserved.
------------------------------------------------------------------------------------
| Tool Version : Vivado v.2019.2 (win64) Build 2708876 Wed Nov  6 21:40:23 MST 2019
| Date         : Tue Sep  8 15:23:42 2026
| Host         : liuxinhao running 64-bit major release  (build 9200)
| Command      : report_control_sets -verbose -file top_control_sets_placed.rpt
| Design       : top
| Device       : xc7a35t
------------------------------------------------------------------------------------

Control Set Information

Table of Contents
-----------------
1. Summary
2. Histogram
3. Flip-Flop Distribution
4. Detailed Control Set Information

1. Summary
----------

+----------------------------------------------------------+-------+
|                          Status                          | Count |
+----------------------------------------------------------+-------+
| Total control sets                                       |    45 |
|    Minimum number of control sets                        |    45 |
|    Addition due to synthesis replication                 |     0 |
|    Addition due to physical synthesis replication        |     0 |
| Unused register locations in slices containing registers |    22 |
+----------------------------------------------------------+-------+
* Control sets can be merged at opt_design using control_set_merge or merge_equivalent_drivers
** Run report_qor_suggestions for automated merging and remapping suggestions


2. Histogram
------------

+--------------------+-------+
|       Fanout       | Count |
+--------------------+-------+
| Total control sets |    45 |
| >= 0 to < 4        |     1 |
| >= 4 to < 6        |     0 |
| >= 6 to < 8        |     1 |
| >= 8 to < 10       |     1 |
| >= 10 to < 12      |     0 |
| >= 12 to < 14      |     0 |
| >= 14 to < 16      |     1 |
| >= 16              |    41 |
+--------------------+-------+
* Control sets can be remapped at either synth_design or opt_design


3. Flip-Flop Distribution
-------------------------

+--------------+-----------------------+------------------------+-----------------+--------------+
| Clock Enable | Synchronous Set/Reset | Asynchronous Set/Reset | Total Registers | Total Slices |
+--------------+-----------------------+------------------------+-----------------+--------------+
| No           | No                    | No                     |               0 |            0 |
| No           | No                    | Yes                    |             115 |           28 |
| No           | Yes                   | No                     |               0 |            0 |
| Yes          | No                    | No                     |               0 |            0 |
| Yes          | No                    | Yes                    |            1639 |          689 |
| Yes          | Yes                   | No                     |               0 |            0 |
+--------------+-----------------------+------------------------+-----------------+--------------+


4. Detailed Control Set Information
-----------------------------------

+------------------+----------------------------------------------------------+--------------------------------------------------+------------------+----------------+
|   Clock Signal   |                       Enable Signal                      |                 Set/Reset Signal                 | Slice Load Count | Bel Load Count |
+------------------+----------------------------------------------------------+--------------------------------------------------+------------------+----------------+
|  I_clk_IBUF_BUFG |                                                          | reset_pipe[1]_i_1_n_0                            |                1 |              2 |
|  I_clk_IBUF_BUFG | lcd/bit_count[5]_i_1_n_0                                 | gen_pipeline_cpu.cpu/u_regfile/reset_pipe_reg[1] |                1 |              6 |
|  I_clk_IBUF_BUFG | lcd/__0                                                  | gen_pipeline_cpu.cpu/u_regfile/reset_pipe_reg[1] |                3 |              8 |
|  I_clk_IBUF_BUFG | lcd/O_led                                                | gen_pipeline_cpu.cpu/u_regfile/reset_pipe_reg[1] |                2 |             14 |
|  I_clk_IBUF_BUFG | gen_pipeline_cpu.cpu/u_mem_wb/rd_out_reg[4]_0[0]         | gen_pipeline_cpu.cpu/u_regfile/reset_pipe_reg[1] |               17 |             32 |
|  I_clk_IBUF_BUFG | gen_pipeline_cpu.cpu/u_mem_wb/rd_out_reg[2]_4[0]         | gen_pipeline_cpu.cpu/u_regfile/reset_pipe_reg[1] |               15 |             32 |
|  I_clk_IBUF_BUFG | gen_pipeline_cpu.cpu/u_mem_wb/rd_out_reg[4]_1[0]         | gen_pipeline_cpu.cpu/u_regfile/reset_pipe_reg[1] |               14 |             32 |
|  I_clk_IBUF_BUFG | gen_pipeline_cpu.cpu/u_mem_wb/E[0]                       | gen_pipeline_cpu.cpu/u_regfile/reset_pipe_reg[1] |               14 |             32 |
|  I_clk_IBUF_BUFG | gen_pipeline_cpu.cpu/u_mem_wb/rd_out_reg[2]_8[0]         | gen_pipeline_cpu.cpu/u_regfile/reset_pipe_reg[1] |               17 |             32 |
|  I_clk_IBUF_BUFG | gen_pipeline_cpu.cpu/u_id_ex/cpu_step_counter_reg_8_sn_1 | gen_pipeline_cpu.cpu/u_regfile/reset_pipe_reg[1] |                9 |             32 |
|  I_clk_IBUF_BUFG | gen_pipeline_cpu.cpu/x31_out[31]_i_1_n_0                 | gen_pipeline_cpu.cpu/u_regfile/reset_pipe_reg[1] |                7 |             32 |
|  I_clk_IBUF_BUFG | gen_pipeline_cpu.cpu/u_mem_wb/rd_out_reg[2]_5[0]         | gen_pipeline_cpu.cpu/u_regfile/reset_pipe_reg[1] |               16 |             32 |
|  I_clk_IBUF_BUFG | lcd/bcd_frame                                            | gen_pipeline_cpu.cpu/u_regfile/reset_pipe_reg[1] |                8 |             32 |
|  I_clk_IBUF_BUFG | lcd/bcd_latest_0                                         | gen_pipeline_cpu.cpu/u_regfile/reset_pipe_reg[1] |                6 |             32 |
|  I_clk_IBUF_BUFG | gen_pipeline_cpu.cpu/u_mem_wb/rd_out_reg[1]_4[0]         | gen_pipeline_cpu.cpu/u_regfile/reset_pipe_reg[1] |               11 |             32 |
|  I_clk_IBUF_BUFG | gen_pipeline_cpu.cpu/u_mem_wb/rd_out_reg[1]_5[0]         | gen_pipeline_cpu.cpu/u_regfile/reset_pipe_reg[1] |               17 |             32 |
|  I_clk_IBUF_BUFG | gen_pipeline_cpu.cpu/u_mem_wb/rd_out_reg[1]_1[0]         | gen_pipeline_cpu.cpu/u_regfile/reset_pipe_reg[1] |               14 |             32 |
|  I_clk_IBUF_BUFG | gen_pipeline_cpu.cpu/u_mem_wb/rd_out_reg[1]_3[0]         | gen_pipeline_cpu.cpu/u_regfile/reset_pipe_reg[1] |               18 |             32 |
|  I_clk_IBUF_BUFG | gen_pipeline_cpu.cpu/u_mem_wb/rd_out_reg[1]_6[0]         | gen_pipeline_cpu.cpu/u_regfile/reset_pipe_reg[1] |               15 |             32 |
|  I_clk_IBUF_BUFG | gen_pipeline_cpu.cpu/u_mem_wb/rd_out_reg[1]_7[0]         | gen_pipeline_cpu.cpu/u_regfile/reset_pipe_reg[1] |               18 |             32 |
|  I_clk_IBUF_BUFG | gen_pipeline_cpu.cpu/u_mem_wb/rd_out_reg[1]_8[0]         | gen_pipeline_cpu.cpu/u_regfile/reset_pipe_reg[1] |               20 |             32 |
|  I_clk_IBUF_BUFG | gen_pipeline_cpu.cpu/u_mem_wb/rd_out_reg[1]_9[0]         | gen_pipeline_cpu.cpu/u_regfile/reset_pipe_reg[1] |               11 |             32 |
|  I_clk_IBUF_BUFG | gen_pipeline_cpu.cpu/u_mem_wb/rd_out_reg[2]_0[0]         | gen_pipeline_cpu.cpu/u_regfile/reset_pipe_reg[1] |               16 |             32 |
|  I_clk_IBUF_BUFG | gen_pipeline_cpu.cpu/u_mem_wb/rd_out_reg[2]_1[0]         | gen_pipeline_cpu.cpu/u_regfile/reset_pipe_reg[1] |               12 |             32 |
|  I_clk_IBUF_BUFG | gen_pipeline_cpu.cpu/u_mem_wb/rd_out_reg[1]_2[0]         | gen_pipeline_cpu.cpu/u_regfile/reset_pipe_reg[1] |               22 |             32 |
|  I_clk_IBUF_BUFG | gen_pipeline_cpu.cpu/u_mem_wb/rd_out_reg[1]_0[0]         | gen_pipeline_cpu.cpu/u_regfile/reset_pipe_reg[1] |               18 |             32 |
|  I_clk_IBUF_BUFG | gen_pipeline_cpu.cpu/u_mem_wb/rd_out_reg[2]_2[0]         | gen_pipeline_cpu.cpu/u_regfile/reset_pipe_reg[1] |               15 |             32 |
|  I_clk_IBUF_BUFG | gen_pipeline_cpu.cpu/u_mem_wb/rd_out_reg[3]_2[0]         | gen_pipeline_cpu.cpu/u_regfile/reset_pipe_reg[1] |               11 |             32 |
|  I_clk_IBUF_BUFG | gen_pipeline_cpu.cpu/u_mem_wb/rd_out_reg[2]_3[0]         | gen_pipeline_cpu.cpu/u_regfile/reset_pipe_reg[1] |               20 |             32 |
|  I_clk_IBUF_BUFG | gen_pipeline_cpu.cpu/u_mem_wb/rd_out_reg[4]_2[0]         | gen_pipeline_cpu.cpu/u_regfile/reset_pipe_reg[1] |               19 |             32 |
|  I_clk_IBUF_BUFG | gen_pipeline_cpu.cpu/u_mem_wb/rd_out_reg[4]_6[0]         | gen_pipeline_cpu.cpu/u_regfile/reset_pipe_reg[1] |               20 |             32 |
|  I_clk_IBUF_BUFG | gen_pipeline_cpu.cpu/u_mem_wb/rd_out_reg[4]_4[0]         | gen_pipeline_cpu.cpu/u_regfile/reset_pipe_reg[1] |               16 |             32 |
|  I_clk_IBUF_BUFG | gen_pipeline_cpu.cpu/u_mem_wb/rd_out_reg[2]_9[0]         | gen_pipeline_cpu.cpu/u_regfile/reset_pipe_reg[1] |               18 |             32 |
|  I_clk_IBUF_BUFG | gen_pipeline_cpu.cpu/u_mem_wb/rd_out_reg[4]_5[0]         | gen_pipeline_cpu.cpu/u_regfile/reset_pipe_reg[1] |               14 |             32 |
|  I_clk_IBUF_BUFG | gen_pipeline_cpu.cpu/u_mem_wb/rd_out_reg[4]_3[0]         | gen_pipeline_cpu.cpu/u_regfile/reset_pipe_reg[1] |               11 |             32 |
|  I_clk_IBUF_BUFG | gen_pipeline_cpu.cpu/u_mem_wb/rd_out_reg[3]_0[0]         | gen_pipeline_cpu.cpu/u_regfile/reset_pipe_reg[1] |               19 |             32 |
|  I_clk_IBUF_BUFG | gen_pipeline_cpu.cpu/u_mem_wb/rd_out_reg[2]_6[0]         | gen_pipeline_cpu.cpu/u_regfile/reset_pipe_reg[1] |               14 |             32 |
|  I_clk_IBUF_BUFG | gen_pipeline_cpu.cpu/u_mem_wb/rd_out_reg[3]_1[0]         | gen_pipeline_cpu.cpu/u_regfile/reset_pipe_reg[1] |               10 |             32 |
|  I_clk_IBUF_BUFG | gen_pipeline_cpu.cpu/u_mem_wb/rd_out_reg[3]_3[0]         | gen_pipeline_cpu.cpu/u_regfile/reset_pipe_reg[1] |               14 |             32 |
|  I_clk_IBUF_BUFG | gen_pipeline_cpu.cpu/u_mem_wb/rd_out_reg[2]_7[0]         | gen_pipeline_cpu.cpu/u_regfile/reset_pipe_reg[1] |               23 |             32 |
|  I_clk_IBUF_BUFG | gen_pipeline_cpu.cpu/u_id_ex/branch_out_reg_0[0]         | gen_pipeline_cpu.cpu/u_regfile/reset_pipe_reg[1] |               15 |             61 |
|  I_clk_IBUF_BUFG |                                                          | gen_pipeline_cpu.cpu/u_regfile/reset_pipe_reg[1] |               27 |            113 |
|  I_clk_IBUF_BUFG | gen_pipeline_cpu.cpu/u_ex_mem/dmem_we_out_reg_0          |                                                  |               32 |            128 |
|  I_clk_IBUF_BUFG | gen_pipeline_cpu.cpu/u_ex_mem/dmem_we_out_reg_1          |                                                  |               32 |            128 |
|  I_clk_IBUF_BUFG | gen_pipeline_cpu.cpu/u_id_ex/E[0]                        | gen_pipeline_cpu.cpu/u_regfile/reset_pipe_reg[1] |              129 |            398 |
+------------------+----------------------------------------------------------+--------------------------------------------------+------------------+----------------+


