Vivado Simulator 2019.2
Time resolution is 1 ps
===== sim finished, total cycles = 199998 =====
----- register file (x0..x31) -----
x0 = 0x00000000 (0)
x1 = 0x00000007 (7)
x2 = 0x00000007 (7)
x3 = 0x00000009 (9)
x4 = 0x00000000 (0)
x5 = 0x000000c0 (192)
x6 = 0x00000005 (5)
x7 = 0x00000014 (20)
x8 = 0x00000000 (0)
x9 = 0x00000000 (0)
x10 = 0x0000002a (42)
x11 = 0x00000012 (18)
x12 = 0x00000001 (1)
x13 = 0x00000000 (0)
x14 = 0x0000000c (12)
x15 = 0x0000001e (30)
x16 = 0x00000012 (18)
x17 = 0x00000078 (120)
x18 = 0x00000007 (7)
x19 = 0x00000007 (7)
x20 = 0xffffffe2 (-30)
x21 = 0xfffffff8 (-8)
x22 = 0x3ffffff8 (1073741816)
x23 = 0xffffff88 (-120)
x24 = 0x12345000 (305418240)
x25 = 0xffffffbe (-66)
x26 = 0x00000042 (66)
x27 = 0xffffffbe (-66)
x28 = 0x00000000 (0)
x29 = 0x000000d0 (208)
x30 = 0x00000003 (3)
x31 = 0x00000003 (3)
----- dmem (non-zero words, first 32) -----
mem[0] = 0x00000042
mem[1] = 0xffffffbe
===== end =====
$stop called at time : 2 ms : File "C:/Users/ASUS/Desktop/北京理工大学/大四上/小学期/计租/单周期cpu/SingleCycleCPU/project_1/project_1.srcs/sim_1/new/testbench.v" Line 46
